[r.mobirisesite.com/466534/assets/images/photo-1531956531700-dc0ee0f1f9a5.jpg]
[backblue.gif]
[fade.gif]
[index.html]
[r.mobirisesite.com/466534/assets/web/assets/mobirise-icons2/mobirise2d876.css]
[r.mobirisesite.com/466534/assets/bootstrap/css/bootstrap.mind876.css]
[r.mobirisesite.com/466534/assets/bootstrap/css/bootstrap-grid.mind876.css]
[r.mobirisesite.com/466534/assets/bootstrap/css/bootstrap-reboot.min2da2.css]
[r.mobirisesite.com/466534/assets/parallax/jarallax2da2.css]
[r.mobirisesite.com/466534/assets/dropdown/css/style2da2.css]
[r.mobirisesite.com/466534/assets/theme/css/style2da2.css]
[r.mobirisesite.com/466534/assets/css/mbr-additional2da2.css]
[r.mobirisesite.com/466534/assets/images/team2-h_lwm7b1bf.jpg]
[r.mobirisesite.com/466534/assets/images/team4-h_lwm7emf1.jpg]
[r.mobirisesite.com/466534/assets/images/team6-h_lwm7di09.jpg]
[r.mobirisesite.com/466534/assets/images/team3-h_lwm7fzpl.jpg]
[r.mobirisesite.com/466534/assets/images/team5-h_lwpf32gl.jpg]
[r.mobirisesite.com/466534/assets/images/photo-1578922864601-79dcc7cbc-h_lwm7hp40.jpg]
[r.mobirisesite.com/466534/assets/images/photo-1516668557604-c8e814fdb-h_lwm7j2nc.jpg]
[r.mobirisesite.com/466534/assets/images/photo-1554727225-ee66ff0a1bc5-h_lwm7jt2y.jpg]
[r.mobirisesite.com/466534/assets/images/photo-1513151233558-d860c5398-h_lwm7lefg.jpg]
[r.mobirisesite.com/466534/assets/images/photo-1496843916299-590492c75-h_lwm7nmcb.jpg]
[r.mobirisesite.com/466534/assets/images/photo-1629085265617-aa802730c749.jpg]
[r.mobirisesite.com/466534/assets/images/photo-1526835746352-0b9da4054-h_lwm7sb3v.jpg]
[r.mobirisesite.com/466534/assets/images/photo-1564972379941-fde999e14945.jpg]
[r.mobirisesite.com/466534/assets/images/photo-1525351159099-818931944-h_lwpe1twy.jpg]
[r.mobirisesite.com/466534/assets/images/photo-1455732063391-5f50f4df1-h_lwpe0wcj.jpg]
[r.mobirisesite.com/466534/assets/images/photo-1530103862676-de8c9deba-h_lwpepn7i.jpg]
[r.mobirisesite.com/466534/assets/images/photo-1482731910308-31e96e5d1-h_lwpevlqd.jpg]
[r.mobirisesite.com/466534/assets/web/assets/jquery/jquery.min2da2.js]
[r.mobirisesite.com/466534/assets/bootstrap/js/bootstrap.bundle.min2da2.js]
[r.mobirisesite.com/466534/assets/parallax/jarallax2da2.js]
[r.mobirisesite.com/466534/assets/smoothscroll/smooth-scroll2da2.js]
[r.mobirisesite.com/466534/assets/ytplayer/index2da2.js]
[r.mobirisesite.com/466534/assets/dropdown/js/navbar-dropdown2da2.js]
[r.mobirisesite.com/466534/assets/embla/embla.min2da2.js]
[r.mobirisesite.com/466534/assets/embla/script2da2.js]
[r.mobirisesite.com/466534/assets/masonry/masonry.pkgd.min2da2.js]
[r.mobirisesite.com/466534/assets/imagesloaded/imagesloaded.pkgd.min2da2.js]
[chuhilove.mobirisesite.com/index.html]
[r.mobirisesite.com/466534/assets/theme/js/script2da2.js]
[r.mobirisesite.com/466534/assets/web/assets/mobirise-icons2/mobirise21e04.eot]
[r.mobirisesite.com/466534/assets/web/assets/mobirise-icons2/mobirise21e04.ttf]
[r.mobirisesite.com/466534/assets/web/assets/mobirise-icons2/mobirise21e04.woff]
[r.mobirisesite.com/466534/assets/web/assets/mobirise-icons2/mobirise2d876.css]
[r.mobirisesite.com/466534/assets/bootstrap/css/bootstrap.mind876.css]
[r.mobirisesite.com/466534/assets/bootstrap/css/bootstrap-grid.mind876.css]
[r.mobirisesite.com/466534/assets/bootstrap/css/bootstrap-reboot.min2da2.css]
[r.mobirisesite.com/466534/assets/parallax/jarallax2da2.css]
[r.mobirisesite.com/466534/assets/dropdown/css/style2da2.css]
[r.mobirisesite.com/466534/assets/theme/css/style2da2.css]
[r.mobirisesite.com/466534/assets/web/assets/mobirise-icons2/mobirise21e04.svg]
[r.mobirisesite.com/466534/assets/images/photo-1504196606672-aef5c9cefc92.jpg]
[r.mobirisesite.com/466534/assets/css/mbr-additional2da2.css]
[r.mobirisesite.com/466534/assets/web/assets/mobirise-icons2/mobirise21e04.svg]
